2026-08-27 17:49:05,119 DEBUG asyncio: Using proactor: IocpProactor
INFO:     Started server process [2136]
INFO:     Waiting for application startup.
2026-08-27 17:49:05,196 INFO app.main: \U0001f680 Starting Sats Card API v0.1.0
2026-08-27 17:49:05,196 INFO app.main:    Network: mainnet
2026-08-27 17:49:05,196 INFO app.main:    MTN env: sandbox | Airtel env: sandbox | Orange env: sandbox
2026-08-27 17:49:05,197 DEBUG aiosqlite: executing <function connect.<locals>.connector at 0x000001317C6F9A60>
2026-08-27 17:49:05,198 DEBUG aiosqlite: operation <function connect.<locals>.connector at 0x000001317C6F9A60> completed
2026-08-27 17:49:05,198 DEBUG aiosqlite: executing functools.partial(<built-in method create_function of sqlite3.Connection object at 0x000001317C6EE200>, 'regexp', 2, <function SQLiteDialect_pysqlite.on_connect.<locals>.regexp at 0x000001317BF6F270>, deterministic=True)
2026-08-27 17:49:05,199 DEBUG aiosqlite: operation functools.partial(<built-in method create_function of sqlite3.Connection object at 0x000001317C6EE200>, 'regexp', 2, <function SQLiteDialect_pysqlite.on_connect.<locals>.regexp at 0x000001317BF6F270>, deterministic=True) completed
2026-08-27 17:49:05,199 DEBUG aiosqlite: executing functools.partial(<built-in method create_function of sqlite3.Connection object at 0x000001317C6EE200>, 'floor', 1, <built-in function floor>, deterministic=True)
2026-08-27 17:49:05,200 DEBUG aiosqlite: operation functools.partial(<built-in method create_function of sqlite3.Connection object at 0x000001317C6EE200>, 'floor', 1, <built-in function floor>, deterministic=True) completed
2026-08-27 17:49:05,200 DEBUG aiosqlite: executing functools.partial(<built-in method cursor of sqlite3.Connection object at 0x000001317C6EE200>)
2026-08-27 17:49:05,200 DEBUG aiosqlite: operation functools.partial(<built-in method cursor of sqlite3.Connection object at 0x000001317C6EE200>) completed
2026-08-27 17:49:05,200 DEBUG aiosqlite: executing functools.partial(<built-in method execute of sqlite3.Cursor object at 0x000001317C6B65C0>, 'PRAGMA read_uncommitted', [])
2026-08-27 17:49:05,201 DEBUG aiosqlite: operation functools.partial(<built-in method execute of sqlite3.Cursor object at 0x000001317C6B65C0>, 'PRAGMA read_uncommitted', []) completed
2026-08-27 17:49:05,201 DEBUG aiosqlite: executing functools.partial(<built-in method fetchall of sqlite3.Cursor object at 0x000001317C6B65C0>)
2026-08-27 17:49:05,201 DEBUG aiosqlite: operation functools.partial(<built-in method fetchall of sqlite3.Cursor object at 0x000001317C6B65C0>) completed
2026-08-27 17:49:05,201 DEBUG aiosqlite: executing functools.partial(<built-in method close of sqlite3.Cursor object at 0x000001317C6B65C0>)
2026-08-27 17:49:05,202 DEBUG aiosqlite: operation functools.partial(<built-in method close of sqlite3.Cursor object at 0x000001317C6B65C0>) completed
2026-08-27 17:49:05,202 DEBUG aiosqlite: executing functools.partial(<built-in method rollback of sqlite3.Connection object at 0x000001317C6EE200>)
2026-08-27 17:49:05,202 DEBUG aiosqlite: operation functools.partial(<built-in method rollback of sqlite3.Connection object at 0x000001317C6EE200>) completed
2026-08-27 17:49:05,203 INFO sqlalchemy.engine.Engine: BEGIN (implicit)
2026-08-27 17:49:05,203 INFO sqlalchemy.engine.Engine: PRAGMA main.table_info("users")
2026-08-27 17:49:05,204 INFO sqlalchemy.engine.Engine: [raw sql] ()
2026-08-27 17:49:05,204 DEBUG aiosqlite: executing functools.partial(<built-in method cursor of sqlite3.Connection object at 0x000001317C6EE200>)
2026-08-27 17:49:05,204 DEBUG aiosqlite: operation functools.partial(<built-in method cursor of sqlite3.Connection object at 0x000001317C6EE200>) completed
2026-08-27 17:49:05,205 DEBUG aiosqlite: executing functools.partial(<built-in method execute of sqlite3.Cursor object at 0x000001317C6B6A40>, 'PRAGMA main.table_info("users")', ())
2026-08-27 17:49:05,206 DEBUG aiosqlite: operation functools.partial(<built-in method execute of sqlite3.Cursor object at 0x000001317C6B6A40>, 'PRAGMA main.table_info("users")', ()) completed
2026-08-27 17:49:05,206 DEBUG aiosqlite: executing functools.partial(<built-in method fetchall of sqlite3.Cursor object at 0x000001317C6B6A40>)
2026-08-27 17:49:05,207 DEBUG aiosqlite: operation functools.partial(<built-in method fetchall of sqlite3.Cursor object at 0x000001317C6B6A40>) completed
2026-08-27 17:49:05,207 DEBUG aiosqlite: executing functools.partial(<built-in method close of sqlite3.Cursor object at 0x000001317C6B6A40>)
2026-08-27 17:49:05,207 DEBUG aiosqlite: operation functools.partial(<built-in method close of sqlite3.Cursor object at 0x000001317C6B6A40>) completed
2026-08-27 17:49:05,208 INFO sqlalchemy.engine.Engine: PRAGMA main.table_info("wallets")
2026-08-27 17:49:05,208 INFO sqlalchemy.engine.Engine: [raw sql] ()
2026-08-27 17:49:05,208 DEBUG aiosqlite: executing functools.partial(<built-in method cursor of sqlite3.Connection object at 0x000001317C6EE200>)
2026-08-27 17:49:05,208 DEBUG aiosqlite: operation functools.partial(<built-in method cursor of sqlite3.Connection object at 0x000001317C6EE200>) completed
2026-08-27 17:49:05,208 DEBUG aiosqlite: executing functools.partial(<built-in method execute of sqlite3.Cursor object at 0x000001317C6B6A40>, 'PRAGMA main.table_info("wallets")', ())
2026-08-27 17:49:05,209 DEBUG aiosqlite: operation functools.partial(<built-in method execute of sqlite3.Cursor object at 0x000001317C6B6A40>, 'PRAGMA main.table_info("wallets")', ()) completed
2026-08-27 17:49:05,209 DEBUG aiosqlite: executing functools.partial(<built-in method fetchall of sqlite3.Cursor object at 0x000001317C6B6A40>)
2026-08-27 17:49:05,209 DEBUG aiosqlite: operation functools.partial(<built-in method fetchall of sqlite3.Cursor object at 0x000001317C6B6A40>) completed
2026-08-27 17:49:05,210 DEBUG aiosqlite: executing functools.partial(<built-in method close of sqlite3.Cursor object at 0x000001317C6B6A40>)
2026-08-27 17:49:05,210 DEBUG aiosqlite: operation functools.partial(<built-in method close of sqlite3.Cursor object at 0x000001317C6B6A40>) completed
2026-08-27 17:49:05,210 INFO sqlalchemy.engine.Engine: PRAGMA main.table_info("transactions")
2026-08-27 17:49:05,210 INFO sqlalchemy.engine.Engine: [raw sql] ()
2026-08-27 17:49:05,210 DEBUG aiosqlite: executing functools.partial(<built-in method cursor of sqlite3.Connection object at 0x000001317C6EE200>)
2026-08-27 17:49:05,211 DEBUG aiosqlite: operation functools.partial(<built-in method cursor of sqlite3.Connection object at 0x000001317C6EE200>) completed
2026-08-27 17:49:05,211 DEBUG aiosqlite: executing functools.partial(<built-in method execute of sqlite3.Cursor object at 0x000001317C6B6A40>, 'PRAGMA main.table_info("transactions")', ())
2026-08-27 17:49:05,211 DEBUG aiosqlite: operation functools.partial(<built-in method execute of sqlite3.Cursor object at 0x000001317C6B6A40>, 'PRAGMA main.table_info("transactions")', ()) completed
2026-08-27 17:49:05,212 DEBUG aiosqlite: executing functools.partial(<built-in method fetchall of sqlite3.Cursor object at 0x000001317C6B6A40>)
2026-08-27 17:49:05,212 DEBUG aiosqlite: operation functools.partial(<built-in method fetchall of sqlite3.Cursor object at 0x000001317C6B6A40>) completed
2026-08-27 17:49:05,212 DEBUG aiosqlite: executing functools.partial(<built-in method close of sqlite3.Cursor object at 0x000001317C6B6A40>)
2026-08-27 17:49:05,212 DEBUG aiosqlite: operation functools.partial(<built-in method close of sqlite3.Cursor object at 0x000001317C6B6A40>) completed
2026-08-27 17:49:05,213 INFO sqlalchemy.engine.Engine: PRAGMA main.table_info("ussd_sessions")
2026-08-27 17:49:05,213 INFO sqlalchemy.engine.Engine: [raw sql] ()
2026-08-27 17:49:05,213 DEBUG aiosqlite: executing functools.partial(<built-in method cursor of sqlite3.Connection object at 0x000001317C6EE200>)
2026-08-27 17:49:05,214 DEBUG aiosqlite: operation functools.partial(<built-in method cursor of sqlite3.Connection object at 0x000001317C6EE200>) completed
2026-08-27 17:49:05,214 DEBUG aiosqlite: executing functools.partial(<built-in method execute of sqlite3.Cursor object at 0x000001317C6B6A40>, 'PRAGMA main.table_info("ussd_sessions")', ())
2026-08-27 17:49:05,214 DEBUG aiosqlite: operation functools.partial(<built-in method execute of sqlite3.Cursor object at 0x000001317C6B6A40>, 'PRAGMA main.table_info("ussd_sessions")', ()) completed
2026-08-27 17:49:05,215 DEBUG aiosqlite: executing functools.partial(<built-in method fetchall of sqlite3.Cursor object at 0x000001317C6B6A40>)
2026-08-27 17:49:05,215 DEBUG aiosqlite: operation functools.partial(<built-in method fetchall of sqlite3.Cursor object at 0x000001317C6B6A40>) completed
2026-08-27 17:49:05,215 DEBUG aiosqlite: executing functools.partial(<built-in method close of sqlite3.Cursor object at 0x000001317C6B6A40>)
2026-08-27 17:49:05,216 INFO sqlalchemy.engine.Engine: COMMIT
2026-08-27 17:49:05,216 DEBUG aiosqlite: operation functools.partial(<built-in method close of sqlite3.Cursor object at 0x000001317C6B6A40>) completed
2026-08-27 17:49:05,216 DEBUG aiosqlite: executing functools.partial(<built-in method commit of sqlite3.Connection object at 0x000001317C6EE200>)
2026-08-27 17:49:05,217 DEBUG aiosqlite: operation functools.partial(<built-in method commit of sqlite3.Connection object at 0x000001317C6EE200>) completed
2026-08-27 17:49:05,217 DEBUG aiosqlite: executing functools.partial(<built-in method rollback of sqlite3.Connection object at 0x000001317C6EE200>)
2026-08-27 17:49:05,217 INFO app.main: \u2705 Database tables ready
INFO:     Application startup complete.
2026-08-27 17:49:05,218 DEBUG aiosqlite: operation functools.partial(<built-in method rollback of sqlite3.Connection object at 0x000001317C6EE200>) completed
INFO:     Uvicorn running on http://0.0.0.0:8000 (Press CTRL+C to quit)
2026-08-27 17:49:05,284 INFO sqlalchemy.engine.Engine: BEGIN (implicit)
2026-08-27 17:49:05,316 INFO sqlalchemy.engine.Engine: SELECT ussd_sessions.id, ussd_sessions.session_id, ussd_sessions.user_id, ussd_sessions.phone_number, ussd_sessions.current_screen, ussd_sessions.accumulated_input, ussd_sessions.menu_depth, ussd_sessions.is_active, ussd_sessions.last_request_at, ussd_sessions.created_at, ussd_sessions.ended_at 
FROM ussd_sessions 
WHERE ussd_sessions.session_id = ?
2026-08-27 17:49:05,317 INFO sqlalchemy.engine.Engine: [generated in 0.00048s] ('test3',)
2026-08-27 17:49:05,317 DEBUG aiosqlite: executing functools.partial(<built-in method cursor of sqlite3.Connection object at 0x000001317C6EE200>)
2026-08-27 17:49:05,317 DEBUG aiosqlite: operation functools.partial(<built-in method cursor of sqlite3.Connection object at 0x000001317C6EE200>) completed
2026-08-27 17:49:05,318 DEBUG aiosqlite: executing functools.partial(<built-in method execute of sqlite3.Cursor object at 0x000001317C7260C0>, 'SELECT ussd_sessions.id, ussd_sessions.session_id, ussd_sessions.user_id, ussd_sessions.phone_number, ussd_sessions.current_screen, ussd_sessions.accumulated_input, ussd_sessions.menu_depth, ussd_sessions.is_active, ussd_sessions.last_request_at, ussd_sessions.created_at, ussd_sessions.ended_at \nFROM ussd_sessions \nWHERE ussd_sessions.session_id = ?', ('test3',))
2026-08-27 17:49:05,318 DEBUG aiosqlite: operation functools.partial(<built-in method execute of sqlite3.Cursor object at 0x000001317C7260C0>, 'SELECT ussd_sessions.id, ussd_sessions.session_id, ussd_sessions.user_id, ussd_sessions.phone_number, ussd_sessions.current_screen, ussd_sessions.accumulated_input, ussd_sessions.menu_depth, ussd_sessions.is_active, ussd_sessions.last_request_at, ussd_sessions.created_at, ussd_sessions.ended_at \nFROM ussd_sessions \nWHERE ussd_sessions.session_id = ?', ('test3',)) completed
2026-08-27 17:49:05,318 DEBUG aiosqlite: executing functools.partial(<built-in method fetchall of sqlite3.Cursor object at 0x000001317C7260C0>)
2026-08-27 17:49:05,319 DEBUG aiosqlite: operation functools.partial(<built-in method fetchall of sqlite3.Cursor object at 0x000001317C7260C0>) completed
2026-08-27 17:49:05,319 DEBUG aiosqlite: executing functools.partial(<built-in method close of sqlite3.Cursor object at 0x000001317C7260C0>)
2026-08-27 17:49:05,319 DEBUG aiosqlite: operation functools.partial(<built-in method close of sqlite3.Cursor object at 0x000001317C7260C0>) completed
2026-08-27 17:49:05,325 INFO sqlalchemy.engine.Engine: INSERT INTO ussd_sessions (id, session_id, user_id, phone_number, current_screen, accumulated_input, menu_depth, is_active, ended_at) VALUES (?, ?, ?, ?, ?, ?, ?, ?, ?) RETURNING last_request_at, created_at
2026-08-27 17:49:05,325 INFO sqlalchemy.engine.Engine: [generated in 0.00075s] ('7189c1f14aed4ec5ad88daf644f6c649', 'test3', None, '+250788888888', 'main_menu', None, 0, 1, None)
2026-08-27 17:49:05,325 DEBUG aiosqlite: executing functools.partial(<built-in method cursor of sqlite3.Connection object at 0x000001317C6EE200>)
2026-08-27 17:49:05,326 DEBUG aiosqlite: operation functools.partial(<built-in method cursor of sqlite3.Connection object at 0x000001317C6EE200>) completed
2026-08-27 17:49:05,326 DEBUG aiosqlite: executing functools.partial(<built-in method execute of sqlite3.Cursor object at 0x000001317C7260C0>, 'INSERT INTO ussd_sessions (id, session_id, user_id, phone_number, current_screen, accumulated_input, menu_depth, is_active, ended_at) VALUES (?, ?, ?, ?, ?, ?, ?, ?, ?) RETURNING last_request_at, created_at', ('7189c1f14aed4ec5ad88daf644f6c649', 'test3', None, '+250788888888', 'main_menu', None, 0, 1, None))
2026-08-27 17:49:05,333 DEBUG aiosqlite: operation functools.partial(<built-in method execute of sqlite3.Cursor object at 0x000001317C7260C0>, 'INSERT INTO ussd_sessions (id, session_id, user_id, phone_number, current_screen, accumulated_input, menu_depth, is_active, ended_at) VALUES (?, ?, ?, ?, ?, ?, ?, ?, ?) RETURNING last_request_at, created_at', ('7189c1f14aed4ec5ad88daf644f6c649', 'test3', None, '+250788888888', 'main_menu', None, 0, 1, None)) completed
2026-08-27 17:49:05,334 DEBUG aiosqlite: executing functools.partial(<built-in method fetchall of sqlite3.Cursor object at 0x000001317C7260C0>)
2026-08-27 17:49:05,334 DEBUG aiosqlite: operation functools.partial(<built-in method fetchall of sqlite3.Cursor object at 0x000001317C7260C0>) completed
2026-08-27 17:49:05,334 DEBUG aiosqlite: executing functools.partial(<built-in method close of sqlite3.Cursor object at 0x000001317C7260C0>)
2026-08-27 17:49:05,336 ERROR app.ussd.handler: USSD handler error: <USSDScreen.FUND_ACCOUNT_MENU: 'fund_account_menu'>
2026-08-27 17:49:05,337 INFO sqlalchemy.engine.Engine: ROLLBACK
2026-08-27 17:49:05,336 DEBUG aiosqlite: operation functools.partial(<built-in method close of sqlite3.Cursor object at 0x000001317C7260C0>) completed
2026-08-27 17:49:05,337 DEBUG aiosqlite: executing functools.partial(<built-in method rollback of sqlite3.Connection object at 0x000001317C6EE200>)
2026-08-27 17:49:05,338 DEBUG aiosqlite: operation functools.partial(<built-in method rollback of sqlite3.Connection object at 0x000001317C6EE200>) completed
2026-08-27 17:49:05,339 DEBUG aiosqlite: executing functools.partial(<built-in method rollback of sqlite3.Connection object at 0x000001317C6EE200>)
2026-08-27 17:49:05,339 DEBUG aiosqlite: operation functools.partial(<built-in method rollback of sqlite3.Connection object at 0x000001317C6EE200>) completed
ERROR:    Exception in ASGI application
Traceback (most recent call last):
  File "C:\Users\Administrator\sats-card-frontend\backend\app\ussd\handler.py", line 97, in handle
    return self._handle_main_menu(session, user_input)
           ~~~~~~~~~~~~~~~~~~~~~~^^^^^^^^^^^^^^^^^^^^^
  File "C:\Users\Administrator\sats-card-frontend\backend\app\ussd\handler.py", line 135, in _handle_main_menu
    "3": (MENUS[USSDScreen.FUND_ACCOUNT_MENU], USSDScreen.FUND_ACCOUNT_MENU),
          ~~~~~^^^^^^^^^^^^^^^^^^^^^^^^^^^^^^
KeyError: <USSDScreen.FUND_ACCOUNT_MENU: 'fund_account_menu'>

During handling of the above exception, another exception occurred:

Traceback (most recent call last):
  File "C:\Users\Administrator\AppData\Local\Python\pythoncore-3.14-64\Lib\site-packages\uvicorn\protocols\http\h11_impl.py", line 416, in run_asgi
    result = await app(  # type: ignore[func-returns-value]
             ^^^^^^^^^^^^^^^^^^^^^^^^^^^^^^^^^^^^^^^^^^^^^^
        self.scope, self.receive, self.send
        ^^^^^^^^^^^^^^^^^^^^^^^^^^^^^^^^^^^
    )
    ^
  File "C:\Users\Administrator\AppData\Local\Python\pythoncore-3.14-64\Lib\site-packages\uvicorn\middleware\proxy_headers.py", line 63, in __call__
    return await self.app(scope, receive, send)
           ^^^^^^^^^^^^^^^^^^^^^^^^^^^^^^^^^^^^
  File "C:\Users\Administrator\AppData\Local\Python\pythoncore-3.14-64\Lib\site-packages\fastapi\applications.py", line 1163, in __call__
    await super().__call__(scope, receive, send)
  File "C:\Users\Administrator\AppData\Local\Python\pythoncore-3.14-64\Lib\site-packages\starlette\applications.py", line 96, in __call__
    await self.middleware_stack(scope, receive, send)
  File "C:\Users\Administrator\AppData\Local\Python\pythoncore-3.14-64\Lib\site-packages\starlette\middleware\errors.py", line 186, in __call__
    raise exc
  File "C:\Users\Administrator\AppData\Local\Python\pythoncore-3.14-64\Lib\site-packages\starlette\middleware\errors.py", line 164, in __call__
    await self.app(scope, receive, _send)
  File "C:\Users\Administrator\AppData\Local\Python\pythoncore-3.14-64\Lib\site-packages\starlette\middleware\cors.py", line 88, in __call__
    await self.app(scope, receive, send)
  File "C:\Users\Administrator\AppData\Local\Python\pythoncore-3.14-64\Lib\site-packages\starlette\middleware\exceptions.py", line 63, in __call__
    await wrap_app_handling_exceptions(self.app, conn)(scope, receive, send)
  File "C:\Users\Administrator\AppData\Local\Python\pythoncore-3.14-64\Lib\site-packages\starlette\_exception_handler.py", line 53, in wrapped_app
    raise exc
  File "C:\Users\Administrator\AppData\Local\Python\pythoncore-3.14-64\Lib\site-packages\starlette\_exception_handler.py", line 42, in wrapped_app
    await app(scope, receive, sender)
  File "C:\Users\Administrator\AppData\Local\Python\pythoncore-3.14-64\Lib\site-packages\fastapi\middleware\asyncexitstack.py", line 18, in __call__
    await self.app(scope, receive, send)
  File "C:\Users\Administrator\AppData\Local\Python\pythoncore-3.14-64\Lib\site-packages\starlette\routing.py", line 670, in __call__
    await self.middleware_stack(scope, receive, send)
  File "C:\Users\Administrator\AppData\Local\Python\pythoncore-3.14-64\Lib\site-packages\fastapi\routing.py", line 2734, in app
    await route.handle(scope, receive, send)
  File "C:\Users\Administrator\AppData\Local\Python\pythoncore-3.14-64\Lib\site-packages\fastapi\routing.py", line 1780, in handle
    await self.original_router.handle(scope, receive, send)
  File "C:\Users\Administrator\AppData\Local\Python\pythoncore-3.14-64\Lib\site-packages\fastapi\routing.py", line 2789, in handle
    await included_router._handle_selected(scope, receive, send)
  File "C:\Users\Administrator\AppData\Local\Python\pythoncore-3.14-64\Lib\site-packages\fastapi\routing.py", line 1800, in _handle_selected
    await original_route.handle(scope, receive, send)
  File "C:\Users\Administrator\AppData\Local\Python\pythoncore-3.14-64\Lib\site-packages\fastapi\routing.py", line 1279, in handle
    await app(scope, receive, send)
  File "C:\Users\Administrator\AppData\Local\Python\pythoncore-3.14-64\Lib\site-packages\fastapi\routing.py", line 158, in app
    await wrap_app_handling_exceptions(app, request)(scope, receive, send)
  File "C:\Users\Administrator\AppData\Local\Python\pythoncore-3.14-64\Lib\site-packages\starlette\_exception_handler.py", line 53, in wrapped_app
    raise exc
  File "C:\Users\Administrator\AppData\Local\Python\pythoncore-3.14-64\Lib\site-packages\starlette\_exception_handler.py", line 42, in wrapped_app
    await app(scope, receive, sender)
  File "C:\Users\Administrator\AppData\Local\Python\pythoncore-3.14-64\Lib\site-packages\fastapi\routing.py", line 144, in app
    response = await f(request)
               ^^^^^^^^^^^^^^^^
  File "C:\Users\Administrator\AppData\Local\Python\pythoncore-3.14-64\Lib\site-packages\fastapi\routing.py", line 706, in app
    raw_response = await run_endpoint_function(
                   ^^^^^^^^^^^^^^^^^^^^^^^^^^^^
    ...<3 lines>...
    )
    ^
  File "C:\Users\Administrator\AppData\Local\Python\pythoncore-3.14-64\Lib\site-packages\fastapi\routing.py", line 352, in run_endpoint_function
    return await dependant.call(**values)
           ^^^^^^^^^^^^^^^^^^^^^^^^^^^^^^
  File "C:\Users\Administrator\sats-card-frontend\backend\app\api\routes.py", line 112, in handle_ussd
    response = _ussd_handler.handle(
        session_id=req.session_id,
        phone_number=req.phone_number,
        user_input=req.user_input,
    )
  File "C:\Users\Administrator\sats-card-frontend\backend\app\ussd\handler.py", line 128, in handle
    return self._respond(MENUS[USSDScreen.ERROR], USSDScreen.ERROR, session)
                         ~~~~~^^^^^^^^^^^^^^^^^^
KeyError: <USSDScreen.ERROR: 'error'>
2026-08-27 17:49:29,338 INFO sqlalchemy.engine.Engine: BEGIN (implicit)
2026-08-27 17:49:29,339 INFO sqlalchemy.engine.Engine: SELECT ussd_sessions.id, ussd_sessions.session_id, ussd_sessions.user_id, ussd_sessions.phone_number, ussd_sessions.current_screen, ussd_sessions.accumulated_input, ussd_sessions.menu_depth, ussd_sessions.is_active, ussd_sessions.last_request_at, ussd_sessions.created_at, ussd_sessions.ended_at 
FROM ussd_sessions 
WHERE ussd_sessions.session_id = ?
2026-08-27 17:49:29,339 INFO sqlalchemy.engine.Engine: [cached since 24.02s ago] ('test3',)
2026-08-27 17:49:29,340 DEBUG aiosqlite: executing functools.partial(<built-in method cursor of sqlite3.Connection object at 0x000001317C6EE200>)
2026-08-27 17:49:29,340 DEBUG aiosqlite: operation functools.partial(<built-in method cursor of sqlite3.Connection object at 0x000001317C6EE200>) completed
2026-08-27 17:49:29,340 DEBUG aiosqlite: executing functools.partial(<built-in method execute of sqlite3.Cursor object at 0x000001317C8BF4C0>, 'SELECT ussd_sessions.id, ussd_sessions.session_id, ussd_sessions.user_id, ussd_sessions.phone_number, ussd_sessions.current_screen, ussd_sessions.accumulated_input, ussd_sessions.menu_depth, ussd_sessions.is_active, ussd_sessions.last_request_at, ussd_sessions.created_at, ussd_sessions.ended_at \nFROM ussd_sessions \nWHERE ussd_sessions.session_id = ?', ('test3',))
2026-08-27 17:49:29,341 DEBUG aiosqlite: operation functools.partial(<built-in method execute of sqlite3.Cursor object at 0x000001317C8BF4C0>, 'SELECT ussd_sessions.id, ussd_sessions.session_id, ussd_sessions.user_id, ussd_sessions.phone_number, ussd_sessions.current_screen, ussd_sessions.accumulated_input, ussd_sessions.menu_depth, ussd_sessions.is_active, ussd_sessions.last_request_at, ussd_sessions.created_at, ussd_sessions.ended_at \nFROM ussd_sessions \nWHERE ussd_sessions.session_id = ?', ('test3',)) completed
2026-08-27 17:49:29,341 DEBUG aiosqlite: executing functools.partial(<built-in method fetchall of sqlite3.Cursor object at 0x000001317C8BF4C0>)
2026-08-27 17:49:29,341 DEBUG aiosqlite: operation functools.partial(<built-in method fetchall of sqlite3.Cursor object at 0x000001317C8BF4C0>) completed
2026-08-27 17:49:29,342 DEBUG aiosqlite: executing functools.partial(<built-in method close of sqlite3.Cursor object at 0x000001317C8BF4C0>)
2026-08-27 17:49:29,342 DEBUG aiosqlite: operation functools.partial(<built-in method close of sqlite3.Cursor object at 0x000001317C8BF4C0>) completed
2026-08-27 17:49:29,344 INFO sqlalchemy.engine.Engine: INSERT INTO ussd_sessions (id, session_id, user_id, phone_number, current_screen, accumulated_input, menu_depth, is_active, ended_at) VALUES (?, ?, ?, ?, ?, ?, ?, ?, ?) RETURNING last_request_at, created_at
2026-08-27 17:49:29,344 INFO sqlalchemy.engine.Engine: [cached since 24.02s ago] ('5b982633651247b4bf18b0527775d879', 'test3', None, '+250788888888', 'main_menu', None, 0, 1, None)
2026-08-27 17:49:29,344 DEBUG aiosqlite: executing functools.partial(<built-in method cursor of sqlite3.Connection object at 0x000001317C6EE200>)
2026-08-27 17:49:29,344 DEBUG aiosqlite: operation functools.partial(<built-in method cursor of sqlite3.Connection object at 0x000001317C6EE200>) completed
2026-08-27 17:49:29,345 DEBUG aiosqlite: executing functools.partial(<built-in method execute of sqlite3.Cursor object at 0x000001317C8BF4C0>, 'INSERT INTO ussd_sessions (id, session_id, user_id, phone_number, current_screen, accumulated_input, menu_depth, is_active, ended_at) VALUES (?, ?, ?, ?, ?, ?, ?, ?, ?) RETURNING last_request_at, created_at', ('5b982633651247b4bf18b0527775d879', 'test3', None, '+250788888888', 'main_menu', None, 0, 1, None))
2026-08-27 17:49:29,352 DEBUG aiosqlite: operation functools.partial(<built-in method execute of sqlite3.Cursor object at 0x000001317C8BF4C0>, 'INSERT INTO ussd_sessions (id, session_id, user_id, phone_number, current_screen, accumulated_input, menu_depth, is_active, ended_at) VALUES (?, ?, ?, ?, ?, ?, ?, ?, ?) RETURNING last_request_at, created_at', ('5b982633651247b4bf18b0527775d879', 'test3', None, '+250788888888', 'main_menu', None, 0, 1, None)) completed
2026-08-27 17:49:29,353 DEBUG aiosqlite: executing functools.partial(<built-in method fetchall of sqlite3.Cursor object at 0x000001317C8BF4C0>)
2026-08-27 17:49:29,353 DEBUG aiosqlite: operation functools.partial(<built-in method fetchall of sqlite3.Cursor object at 0x000001317C8BF4C0>) completed
2026-08-27 17:49:29,354 DEBUG aiosqlite: executing functools.partial(<built-in method close of sqlite3.Cursor object at 0x000001317C8BF4C0>)
2026-08-27 17:49:29,355 ERROR app.ussd.handler: USSD handler error: <USSDScreen.FUND_ACCOUNT_MENU: 'fund_account_menu'>
2026-08-27 17:49:29,355 DEBUG aiosqlite: operation functools.partial(<built-in method close of sqlite3.Cursor object at 0x000001317C8BF4C0>) completed
2026-08-27 17:49:29,356 INFO sqlalchemy.engine.Engine: ROLLBACK
2026-08-27 17:49:29,356 DEBUG aiosqlite: executing functools.partial(<built-in method rollback of sqlite3.Connection object at 0x000001317C6EE200>)
2026-08-27 17:49:29,358 DEBUG aiosqlite: operation functools.partial(<built-in method rollback of sqlite3.Connection object at 0x000001317C6EE200>) completed
2026-08-27 17:49:29,359 DEBUG aiosqlite: executing functools.partial(<built-in method rollback of sqlite3.Connection object at 0x000001317C6EE200>)
2026-08-27 17:49:29,359 DEBUG aiosqlite: operation functools.partial(<built-in method rollback of sqlite3.Connection object at 0x000001317C6EE200>) completed
ERROR:    Exception in ASGI application
Traceback (most recent call last):
  File "C:\Users\Administrator\sats-card-frontend\backend\app\ussd\handler.py", line 97, in handle
    return self._handle_main_menu(session, user_input)
           ~~~~~~~~~~~~~~~~~~~~~~^^^^^^^^^^^^^^^^^^^^^
  File "C:\Users\Administrator\sats-card-frontend\backend\app\ussd\handler.py", line 135, in _handle_main_menu
    "3": (MENUS[USSDScreen.FUND_ACCOUNT_MENU], USSDScreen.FUND_ACCOUNT_MENU),
          ~~~~~^^^^^^^^^^^^^^^^^^^^^^^^^^^^^^
KeyError: <USSDScreen.FUND_ACCOUNT_MENU: 'fund_account_menu'>

During handling of the above exception, another exception occurred:

Traceback (most recent call last):
  File "C:\Users\Administrator\AppData\Local\Python\pythoncore-3.14-64\Lib\site-packages\uvicorn\protocols\http\h11_impl.py", line 416, in run_asgi
    result = await app(  # type: ignore[func-returns-value]
             ^^^^^^^^^^^^^^^^^^^^^^^^^^^^^^^^^^^^^^^^^^^^^^
        self.scope, self.receive, self.send
        ^^^^^^^^^^^^^^^^^^^^^^^^^^^^^^^^^^^
    )
    ^
  File "C:\Users\Administrator\AppData\Local\Python\pythoncore-3.14-64\Lib\site-packages\uvicorn\middleware\proxy_headers.py", line 63, in __call__
    return await self.app(scope, receive, send)
           ^^^^^^^^^^^^^^^^^^^^^^^^^^^^^^^^^^^^
  File "C:\Users\Administrator\AppData\Local\Python\pythoncore-3.14-64\Lib\site-packages\fastapi\applications.py", line 1163, in __call__
    await super().__call__(scope, receive, send)
  File "C:\Users\Administrator\AppData\Local\Python\pythoncore-3.14-64\Lib\site-packages\starlette\applications.py", line 96, in __call__
    await self.middleware_stack(scope, receive, send)
  File "C:\Users\Administrator\AppData\Local\Python\pythoncore-3.14-64\Lib\site-packages\starlette\middleware\errors.py", line 186, in __call__
    raise exc
  File "C:\Users\Administrator\AppData\Local\Python\pythoncore-3.14-64\Lib\site-packages\starlette\middleware\errors.py", line 164, in __call__
    await self.app(scope, receive, _send)
  File "C:\Users\Administrator\AppData\Local\Python\pythoncore-3.14-64\Lib\site-packages\starlette\middleware\cors.py", line 88, in __call__
    await self.app(scope, receive, send)
  File "C:\Users\Administrator\AppData\Local\Python\pythoncore-3.14-64\Lib\site-packages\starlette\middleware\exceptions.py", line 63, in __call__
    await wrap_app_handling_exceptions(self.app, conn)(scope, receive, send)
  File "C:\Users\Administrator\AppData\Local\Python\pythoncore-3.14-64\Lib\site-packages\starlette\_exception_handler.py", line 53, in wrapped_app
    raise exc
  File "C:\Users\Administrator\AppData\Local\Python\pythoncore-3.14-64\Lib\site-packages\starlette\_exception_handler.py", line 42, in wrapped_app
    await app(scope, receive, sender)
  File "C:\Users\Administrator\AppData\Local\Python\pythoncore-3.14-64\Lib\site-packages\fastapi\middleware\asyncexitstack.py", line 18, in __call__
    await self.app(scope, receive, send)
  File "C:\Users\Administrator\AppData\Local\Python\pythoncore-3.14-64\Lib\site-packages\starlette\routing.py", line 670, in __call__
    await self.middleware_stack(scope, receive, send)
  File "C:\Users\Administrator\AppData\Local\Python\pythoncore-3.14-64\Lib\site-packages\fastapi\routing.py", line 2734, in app
    await route.handle(scope, receive, send)
  File "C:\Users\Administrator\AppData\Local\Python\pythoncore-3.14-64\Lib\site-packages\fastapi\routing.py", line 1780, in handle
    await self.original_router.handle(scope, receive, send)
  File "C:\Users\Administrator\AppData\Local\Python\pythoncore-3.14-64\Lib\site-packages\fastapi\routing.py", line 2789, in handle
    await included_router._handle_selected(scope, receive, send)
  File "C:\Users\Administrator\AppData\Local\Python\pythoncore-3.14-64\Lib\site-packages\fastapi\routing.py", line 1800, in _handle_selected
    await original_route.handle(scope, receive, send)
  File "C:\Users\Administrator\AppData\Local\Python\pythoncore-3.14-64\Lib\site-packages\fastapi\routing.py", line 1279, in handle
    await app(scope, receive, send)
  File "C:\Users\Administrator\AppData\Local\Python\pythoncore-3.14-64\Lib\site-packages\fastapi\routing.py", line 158, in app
    await wrap_app_handling_exceptions(app, request)(scope, receive, send)
  File "C:\Users\Administrator\AppData\Local\Python\pythoncore-3.14-64\Lib\site-packages\starlette\_exception_handler.py", line 53, in wrapped_app
    raise exc
  File "C:\Users\Administrator\AppData\Local\Python\pythoncore-3.14-64\Lib\site-packages\starlette\_exception_handler.py", line 42, in wrapped_app
    await app(scope, receive, sender)
  File "C:\Users\Administrator\AppData\Local\Python\pythoncore-3.14-64\Lib\site-packages\fastapi\routing.py", line 144, in app
    response = await f(request)
               ^^^^^^^^^^^^^^^^
  File "C:\Users\Administrator\AppData\Local\Python\pythoncore-3.14-64\Lib\site-packages\fastapi\routing.py", line 706, in app
    raw_response = await run_endpoint_function(
                   ^^^^^^^^^^^^^^^^^^^^^^^^^^^^
    ...<3 lines>...
    )
    ^
  File "C:\Users\Administrator\AppData\Local\Python\pythoncore-3.14-64\Lib\site-packages\fastapi\routing.py", line 352, in run_endpoint_function
    return await dependant.call(**values)
           ^^^^^^^^^^^^^^^^^^^^^^^^^^^^^^
  File "C:\Users\Administrator\sats-card-frontend\backend\app\api\routes.py", line 112, in handle_ussd
    response = _ussd_handler.handle(
        session_id=req.session_id,
        phone_number=req.phone_number,
        user_input=req.user_input,
    )
  File "C:\Users\Administrator\sats-card-frontend\backend\app\ussd\handler.py", line 128, in handle
    return self._respond(MENUS[USSDScreen.ERROR], USSDScreen.ERROR, session)
                         ~~~~~^^^^^^^^^^^^^^^^^^
KeyError: <USSDScreen.ERROR: 'error'>
2026-08-27 17:50:45,005 INFO sqlalchemy.engine.Engine: BEGIN (implicit)
2026-08-27 17:50:45,011 INFO sqlalchemy.engine.Engine: SELECT users.id, users.phone_number, users.name, users.email, users.pin_hash, users.is_active, users.is_verified, users.kyc_level, users.kyc_verified_at, users.preferred_currency, users.preferred_language, users.daily_limit_usd, users.monthly_limit_usd, users.country, users.last_login_at, users.last_ussd_at, users.created_at, users.updated_at 
FROM users 
WHERE users.phone_number = ?
2026-08-27 17:50:45,012 INFO sqlalchemy.engine.Engine: [generated in 0.00081s] ('+250788999999',)
2026-08-27 17:50:45,012 DEBUG aiosqlite: executing functools.partial(<built-in method cursor of sqlite3.Connection object at 0x000001317C6EE200>)
2026-08-27 17:50:45,013 DEBUG aiosqlite: operation functools.partial(<built-in method cursor of sqlite3.Connection object at 0x000001317C6EE200>) completed
2026-08-27 17:50:45,013 DEBUG aiosqlite: executing functools.partial(<built-in method execute of sqlite3.Cursor object at 0x000001317C8BFCC0>, 'SELECT users.id, users.phone_number, users.name, users.email, users.pin_hash, users.is_active, users.is_verified, users.kyc_level, users.kyc_verified_at, users.preferred_currency, users.preferred_language, users.daily_limit_usd, users.monthly_limit_usd, users.country, users.last_login_at, users.last_ussd_at, users.created_at, users.updated_at \nFROM users \nWHERE users.phone_number = ?', ('+250788999999',))
2026-08-27 17:50:45,015 DEBUG aiosqlite: operation functools.partial(<built-in method execute of sqlite3.Cursor object at 0x000001317C8BFCC0>, 'SELECT users.id, users.phone_number, users.name, users.email, users.pin_hash, users.is_active, users.is_verified, users.kyc_level, users.kyc_verified_at, users.preferred_currency, users.preferred_language, users.daily_limit_usd, users.monthly_limit_usd, users.country, users.last_login_at, users.last_ussd_at, users.created_at, users.updated_at \nFROM users \nWHERE users.phone_number = ?', ('+250788999999',)) completed
2026-08-27 17:50:45,015 DEBUG aiosqlite: executing functools.partial(<built-in method fetchall of sqlite3.Cursor object at 0x000001317C8BFCC0>)
2026-08-27 17:50:45,015 DEBUG aiosqlite: operation functools.partial(<built-in method fetchall of sqlite3.Cursor object at 0x000001317C8BFCC0>) completed
2026-08-27 17:50:45,016 DEBUG aiosqlite: executing functools.partial(<built-in method close of sqlite3.Cursor object at 0x000001317C8BFCC0>)
2026-08-27 17:50:45,016 DEBUG aiosqlite: operation functools.partial(<built-in method close of sqlite3.Cursor object at 0x000001317C8BFCC0>) completed
2026-08-27 17:50:46,137 INFO sqlalchemy.engine.Engine: INSERT INTO users (id, phone_number, name, email, pin_hash, is_active, is_verified, kyc_level, kyc_verified_at, preferred_currency, preferred_language, daily_limit_usd, monthly_limit_usd, country, last_login_at, last_ussd_at) VALUES (?, ?, ?, ?, ?, ?, ?, ?, ?, ?, ?, ?, ?, ?, ?, ?) RETURNING created_at, updated_at
2026-08-27 17:50:46,138 INFO sqlalchemy.engine.Engine: [generated in 0.00173s] ('097bdb2215dc4e42b6689177aa77b8ec', '+250788999999', 'User', None, '$5$rounds=535000$4RjIhFz.3c5uk7jG$EsRd36qzWwUZR3Z54orkcoKa7ZKlpDMHfyUGmd4c1K5', 1, 1, 'tier1', None, 'UGX', 'en', 500.0, 5000.0, 'UG', None, None)
2026-08-27 17:50:46,138 DEBUG aiosqlite: executing functools.partial(<built-in method cursor of sqlite3.Connection object at 0x000001317C6EE200>)
2026-08-27 17:50:46,139 DEBUG aiosqlite: operation functools.partial(<built-in method cursor of sqlite3.Connection object at 0x000001317C6EE200>) completed
2026-08-27 17:50:46,139 DEBUG aiosqlite: executing functools.partial(<built-in method execute of sqlite3.Cursor object at 0x000001317C8BFCC0>, 'INSERT INTO users (id, phone_number, name, email, pin_hash, is_active, is_verified, kyc_level, kyc_verified_at, preferred_currency, preferred_language, daily_limit_usd, monthly_limit_usd, country, last_login_at, last_ussd_at) VALUES (?, ?, ?, ?, ?, ?, ?, ?, ?, ?, ?, ?, ?, ?, ?, ?) RETURNING created_at, updated_at', ('097bdb2215dc4e42b6689177aa77b8ec', '+250788999999', 'User', None, '$5$rounds=535000$4RjIhFz.3c5uk7jG$EsRd36qzWwUZR3Z54orkcoKa7ZKlpDMHfyUGmd4c1K5', 1, 1, 'tier1', None, 'UGX', 'en', 500.0, 5000.0, 'UG', None, None))
2026-08-27 17:50:46,143 DEBUG aiosqlite: operation functools.partial(<built-in method execute of sqlite3.Cursor object at 0x000001317C8BFCC0>, 'INSERT INTO users (id, phone_number, name, email, pin_hash, is_active, is_verified, kyc_level, kyc_verified_at, preferred_currency, preferred_language, daily_limit_usd, monthly_limit_usd, country, last_login_at, last_ussd_at) VALUES (?, ?, ?, ?, ?, ?, ?, ?, ?, ?, ?, ?, ?, ?, ?, ?) RETURNING created_at, updated_at', ('097bdb2215dc4e42b6689177aa77b8ec', '+250788999999', 'User', None, '$5$rounds=535000$4RjIhFz.3c5uk7jG$EsRd36qzWwUZR3Z54orkcoKa7ZKlpDMHfyUGmd4c1K5', 1, 1, 'tier1', None, 'UGX', 'en', 500.0, 5000.0, 'UG', None, None)) completed
2026-08-27 17:50:46,143 DEBUG aiosqlite: executing functools.partial(<built-in method fetchall of sqlite3.Cursor object at 0x000001317C8BFCC0>)
2026-08-27 17:50:46,143 DEBUG aiosqlite: operation functools.partial(<built-in method fetchall of sqlite3.Cursor object at 0x000001317C8BFCC0>) completed
2026-08-27 17:50:46,144 DEBUG aiosqlite: executing functools.partial(<built-in method close of sqlite3.Cursor object at 0x000001317C8BFCC0>)
2026-08-27 17:50:46,149 INFO sqlalchemy.engine.Engine: INSERT INTO wallets (id, user_id, balance_sats, reserved_sats, balance_usd, reserved_usd, lnd_pubkey, lnd_address, card_number, card_last4, card_expiry, card_status, daily_spent_sats, daily_spent_date, monthly_spent_sats, monthly_spent_date) VALUES (?, ?, ?, ?, ?, ?, ?, ?, ?, ?, ?, ?, ?, ?, ?, ?) RETURNING created_at, updated_at
2026-08-27 17:50:46,150 INFO sqlalchemy.engine.Engine: [generated in 0.00074s] ('72d2d9d769914a4f90ad138280615ccd', '097bdb2215dc4e42b6689177aa77b8ec', 0, 0, 0.0, 0.0, None, None, None, None, None, 'inactive', 0, None, 0, None)
2026-08-27 17:50:46,150 DEBUG aiosqlite: operation functools.partial(<built-in method close of sqlite3.Cursor object at 0x000001317C8BFCC0>) completed
2026-08-27 17:50:46,150 DEBUG aiosqlite: executing functools.partial(<built-in method cursor of sqlite3.Connection object at 0x000001317C6EE200>)
2026-08-27 17:50:46,151 DEBUG aiosqlite: operation functools.partial(<built-in method cursor of sqlite3.Connection object at 0x000001317C6EE200>) completed
2026-08-27 17:50:46,151 DEBUG aiosqlite: executing functools.partial(<built-in method execute of sqlite3.Cursor object at 0x000001317C8BFCC0>, 'INSERT INTO wallets (id, user_id, balance_sats, reserved_sats, balance_usd, reserved_usd, lnd_pubkey, lnd_address, card_number, card_last4, card_expiry, card_status, daily_spent_sats, daily_spent_date, monthly_spent_sats, monthly_spent_date) VALUES (?, ?, ?, ?, ?, ?, ?, ?, ?, ?, ?, ?, ?, ?, ?, ?) RETURNING created_at, updated_at', ('72d2d9d769914a4f90ad138280615ccd', '097bdb2215dc4e42b6689177aa77b8ec', 0, 0, 0.0, 0.0, None, None, None, None, None, 'inactive', 0, None, 0, None))
2026-08-27 17:50:46,156 DEBUG aiosqlite: operation functools.partial(<built-in method execute of sqlite3.Cursor object at 0x000001317C8BFCC0>, 'INSERT INTO wallets (id, user_id, balance_sats, reserved_sats, balance_usd, reserved_usd, lnd_pubkey, lnd_address, card_number, card_last4, card_expiry, card_status, daily_spent_sats, daily_spent_date, monthly_spent_sats, monthly_spent_date) VALUES (?, ?, ?, ?, ?, ?, ?, ?, ?, ?, ?, ?, ?, ?, ?, ?) RETURNING created_at, updated_at', ('72d2d9d769914a4f90ad138280615ccd', '097bdb2215dc4e42b6689177aa77b8ec', 0, 0, 0.0, 0.0, None, None, None, None, None, 'inactive', 0, None, 0, None)) completed
2026-08-27 17:50:46,156 DEBUG aiosqlite: executing functools.partial(<built-in method fetchall of sqlite3.Cursor object at 0x000001317C8BFCC0>)
2026-08-27 17:50:46,157 DEBUG aiosqlite: operation functools.partial(<built-in method fetchall of sqlite3.Cursor object at 0x000001317C8BFCC0>) completed
2026-08-27 17:50:46,157 DEBUG aiosqlite: executing functools.partial(<built-in method close of sqlite3.Cursor object at 0x000001317C8BFCC0>)
2026-08-27 17:50:46,159 DEBUG aiosqlite: operation functools.partial(<built-in method close of sqlite3.Cursor object at 0x000001317C8BFCC0>) completed
2026-08-27 17:50:46,159 INFO sqlalchemy.engine.Engine: COMMIT
2026-08-27 17:50:46,160 DEBUG aiosqlite: executing functools.partial(<built-in method commit of sqlite3.Connection object at 0x000001317C6EE200>)
2026-08-27 17:50:46,165 DEBUG aiosqlite: operation functools.partial(<built-in method commit of sqlite3.Connection object at 0x000001317C6EE200>) completed
2026-08-27 17:50:46,166 DEBUG aiosqlite: executing functools.partial(<built-in method rollback of sqlite3.Connection object at 0x000001317C6EE200>)
2026-08-27 17:50:46,166 DEBUG aiosqlite: operation functools.partial(<built-in method rollback of sqlite3.Connection object at 0x000001317C6EE200>) completed
2026-08-27 17:50:46,168 INFO app.services.auth: Registered new user: +250788999999
2026-08-27 17:50:46,980 INFO sqlalchemy.engine.Engine: BEGIN (implicit)
2026-08-27 17:50:46,981 INFO sqlalchemy.engine.Engine: SELECT users.id, users.phone_number, users.name, users.email, users.pin_hash, users.is_active, users.is_verified, users.kyc_level, users.kyc_verified_at, users.preferred_currency, users.preferred_language, users.daily_limit_usd, users.monthly_limit_usd, users.country, users.last_login_at, users.last_ussd_at, users.created_at, users.updated_at 
FROM users 
WHERE users.phone_number = ?
2026-08-27 17:50:46,981 INFO sqlalchemy.engine.Engine: [cached since 1.97s ago] ('+250788999999',)
2026-08-27 17:50:46,981 DEBUG aiosqlite: executing functools.partial(<built-in method cursor of sqlite3.Connection object at 0x000001317C6EE200>)
2026-08-27 17:50:46,981 DEBUG aiosqlite: operation functools.partial(<built-in method cursor of sqlite3.Connection object at 0x000001317C6EE200>) completed
2026-08-27 17:50:46,981 DEBUG aiosqlite: executing functools.partial(<built-in method execute of sqlite3.Cursor object at 0x000001317C8DE6C0>, 'SELECT users.id, users.phone_number, users.name, users.email, users.pin_hash, users.is_active, users.is_verified, users.kyc_level, users.kyc_verified_at, users.preferred_currency, users.preferred_language, users.daily_limit_usd, users.monthly_limit_usd, users.country, users.last_login_at, users.last_ussd_at, users.created_at, users.updated_at \nFROM users \nWHERE users.phone_number = ?', ('+250788999999',))
2026-08-27 17:50:46,982 DEBUG aiosqlite: operation functools.partial(<built-in method execute of sqlite3.Cursor object at 0x000001317C8DE6C0>, 'SELECT users.id, users.phone_number, users.name, users.email, users.pin_hash, users.is_active, users.is_verified, users.kyc_level, users.kyc_verified_at, users.preferred_currency, users.preferred_language, users.daily_limit_usd, users.monthly_limit_usd, users.country, users.last_login_at, users.last_ussd_at, users.created_at, users.updated_at \nFROM users \nWHERE users.phone_number = ?', ('+250788999999',)) completed
2026-08-27 17:50:46,982 DEBUG aiosqlite: executing functools.partial(<built-in method fetchall of sqlite3.Cursor object at 0x000001317C8DE6C0>)
2026-08-27 17:50:46,982 DEBUG aiosqlite: operation functools.partial(<built-in method fetchall of sqlite3.Cursor object at 0x000001317C8DE6C0>) completed
2026-08-27 17:50:46,983 DEBUG aiosqlite: executing functools.partial(<built-in method close of sqlite3.Cursor object at 0x000001317C8DE6C0>)
2026-08-27 17:50:46,983 DEBUG aiosqlite: operation functools.partial(<built-in method close of sqlite3.Cursor object at 0x000001317C8DE6C0>) completed
2026-08-27 17:50:48,187 INFO sqlalchemy.engine.Engine: UPDATE users SET last_login_at=?, updated_at=CURRENT_TIMESTAMP WHERE users.id = ?
2026-08-27 17:50:48,187 INFO sqlalchemy.engine.Engine: [generated in 0.00048s] ('2026-08-27 14:50:48.184217', '097bdb2215dc4e42b6689177aa77b8ec')
2026-08-27 17:50:48,188 DEBUG aiosqlite: executing functools.partial(<built-in method cursor of sqlite3.Connection object at 0x000001317C6EE200>)
2026-08-27 17:50:48,188 DEBUG aiosqlite: operation functools.partial(<built-in method cursor of sqlite3.Connection object at 0x000001317C6EE200>) completed
2026-08-27 17:50:48,188 DEBUG aiosqlite: executing functools.partial(<built-in method execute of sqlite3.Cursor object at 0x000001317C8BFC40>, 'UPDATE users SET last_login_at=?, updated_at=CURRENT_TIMESTAMP WHERE users.id = ?', ('2026-08-27 14:50:48.184217', '097bdb2215dc4e42b6689177aa77b8ec'))
2026-08-27 17:50:48,191 DEBUG aiosqlite: operation functools.partial(<built-in method execute of sqlite3.Cursor object at 0x000001317C8BFC40>, 'UPDATE users SET last_login_at=?, updated_at=CURRENT_TIMESTAMP WHERE users.id = ?', ('2026-08-27 14:50:48.184217', '097bdb2215dc4e42b6689177aa77b8ec')) completed
2026-08-27 17:50:48,192 DEBUG aiosqlite: executing functools.partial(<built-in method close of sqlite3.Cursor object at 0x000001317C8BFC40>)
2026-08-27 17:50:48,192 DEBUG aiosqlite: operation functools.partial(<built-in method close of sqlite3.Cursor object at 0x000001317C8BFC40>) completed
2026-08-27 17:50:48,193 INFO sqlalchemy.engine.Engine: COMMIT
2026-08-27 17:50:48,194 DEBUG aiosqlite: executing functools.partial(<built-in method commit of sqlite3.Connection object at 0x000001317C6EE200>)
2026-08-27 17:50:48,200 DEBUG aiosqlite: operation functools.partial(<built-in method commit of sqlite3.Connection object at 0x000001317C6EE200>) completed
2026-08-27 17:50:48,200 DEBUG aiosqlite: executing functools.partial(<built-in method rollback of sqlite3.Connection object at 0x000001317C6EE200>)
2026-08-27 17:50:48,201 DEBUG aiosqlite: operation functools.partial(<built-in method rollback of sqlite3.Connection object at 0x000001317C6EE200>) completed
2026-08-27 17:50:48,202 INFO app.services.auth: User logged in: +250788999999
2026-08-27 17:50:48,776 INFO sqlalchemy.engine.Engine: BEGIN (implicit)
2026-08-27 17:50:48,778 INFO sqlalchemy.engine.Engine: SELECT users.id, users.phone_number, users.name, users.email, users.pin_hash, users.is_active, users.is_verified, users.kyc_level, users.kyc_verified_at, users.preferred_currency, users.preferred_language, users.daily_limit_usd, users.monthly_limit_usd, users.country, users.last_login_at, users.last_ussd_at, users.created_at, users.updated_at 
FROM users 
WHERE users.id = ?
2026-08-27 17:50:48,779 INFO sqlalchemy.engine.Engine: [generated in 0.00059s] ('097bdb2215dc4e42b6689177aa77b8ec',)
2026-08-27 17:50:48,779 DEBUG aiosqlite: executing functools.partial(<built-in method cursor of sqlite3.Connection object at 0x000001317C6EE200>)
2026-08-27 17:50:48,779 DEBUG aiosqlite: operation functools.partial(<built-in method cursor of sqlite3.Connection object at 0x000001317C6EE200>) completed
2026-08-27 17:50:48,780 DEBUG aiosqlite: executing functools.partial(<built-in method execute of sqlite3.Cursor object at 0x000001317C8BFC40>, 'SELECT users.id, users.phone_number, users.name, users.email, users.pin_hash, users.is_active, users.is_verified, users.kyc_level, users.kyc_verified_at, users.preferred_currency, users.preferred_language, users.daily_limit_usd, users.monthly_limit_usd, users.country, users.last_login_at, users.last_ussd_at, users.created_at, users.updated_at \nFROM users \nWHERE users.id = ?', ('097bdb2215dc4e42b6689177aa77b8ec',))
2026-08-27 17:50:48,780 DEBUG aiosqlite: operation functools.partial(<built-in method execute of sqlite3.Cursor object at 0x000001317C8BFC40>, 'SELECT users.id, users.phone_number, users.name, users.email, users.pin_hash, users.is_active, users.is_verified, users.kyc_level, users.kyc_verified_at, users.preferred_currency, users.preferred_language, users.daily_limit_usd, users.monthly_limit_usd, users.country, users.last_login_at, users.last_ussd_at, users.created_at, users.updated_at \nFROM users \nWHERE users.id = ?', ('097bdb2215dc4e42b6689177aa77b8ec',)) completed
2026-08-27 17:50:48,781 DEBUG aiosqlite: executing functools.partial(<built-in method fetchall of sqlite3.Cursor object at 0x000001317C8BFC40>)
2026-08-27 17:50:48,781 DEBUG aiosqlite: operation functools.partial(<built-in method fetchall of sqlite3.Cursor object at 0x000001317C8BFC40>) completed
2026-08-27 17:50:48,782 DEBUG aiosqlite: executing functools.partial(<built-in method close of sqlite3.Cursor object at 0x000001317C8BFC40>)
2026-08-27 17:50:48,782 DEBUG aiosqlite: operation functools.partial(<built-in method close of sqlite3.Cursor object at 0x000001317C8BFC40>) completed
2026-08-27 17:50:48,786 INFO sqlalchemy.engine.Engine: SELECT wallets.id, wallets.user_id, wallets.balance_sats, wallets.reserved_sats, wallets.balance_usd, wallets.reserved_usd, wallets.lnd_pubkey, wallets.lnd_address, wallets.card_number, wallets.card_last4, wallets.card_expiry, wallets.card_status, wallets.daily_spent_sats, wallets.daily_spent_date, wallets.monthly_spent_sats, wallets.monthly_spent_date, wallets.created_at, wallets.updated_at 
FROM wallets 
WHERE wallets.user_id = ?
2026-08-27 17:50:48,786 INFO sqlalchemy.engine.Engine: [generated in 0.00047s] ('097bdb2215dc4e42b6689177aa77b8ec',)
2026-08-27 17:50:48,786 DEBUG aiosqlite: executing functools.partial(<built-in method cursor of sqlite3.Connection object at 0x000001317C6EE200>)
2026-08-27 17:50:48,787 DEBUG aiosqlite: operation functools.partial(<built-in method cursor of sqlite3.Connection object at 0x000001317C6EE200>) completed
2026-08-27 17:50:48,787 DEBUG aiosqlite: executing functools.partial(<built-in method execute of sqlite3.Cursor object at 0x000001317C8BFC40>, 'SELECT wallets.id, wallets.user_id, wallets.balance_sats, wallets.reserved_sats, wallets.balance_usd, wallets.reserved_usd, wallets.lnd_pubkey, wallets.lnd_address, wallets.card_number, wallets.card_last4, wallets.card_expiry, wallets.card_status, wallets.daily_spent_sats, wallets.daily_spent_date, wallets.monthly_spent_sats, wallets.monthly_spent_date, wallets.created_at, wallets.updated_at \nFROM wallets \nWHERE wallets.user_id = ?', ('097bdb2215dc4e42b6689177aa77b8ec',))
2026-08-27 17:50:48,788 DEBUG aiosqlite: operation functools.partial(<built-in method execute of sqlite3.Cursor object at 0x000001317C8BFC40>, 'SELECT wallets.id, wallets.user_id, wallets.balance_sats, wallets.reserved_sats, wallets.balance_usd, wallets.reserved_usd, wallets.lnd_pubkey, wallets.lnd_address, wallets.card_number, wallets.card_last4, wallets.card_expiry, wallets.card_status, wallets.daily_spent_sats, wallets.daily_spent_date, wallets.monthly_spent_sats, wallets.monthly_spent_date, wallets.created_at, wallets.updated_at \nFROM wallets \nWHERE wallets.user_id = ?', ('097bdb2215dc4e42b6689177aa77b8ec',)) completed
2026-08-27 17:50:48,788 DEBUG aiosqlite: executing functools.partial(<built-in method fetchall of sqlite3.Cursor object at 0x000001317C8BFC40>)
2026-08-27 17:50:48,788 DEBUG aiosqlite: operation functools.partial(<built-in method fetchall of sqlite3.Cursor object at 0x000001317C8BFC40>) completed
2026-08-27 17:50:48,789 DEBUG aiosqlite: executing functools.partial(<built-in method close of sqlite3.Cursor object at 0x000001317C8BFC40>)
2026-08-27 17:50:48,789 DEBUG aiosqlite: operation functools.partial(<built-in method close of sqlite3.Cursor object at 0x000001317C8BFC40>) completed
2026-08-27 17:50:48,806 DEBUG httpcore.connection: connect_tcp.started host='api.coingecko.com' port=443 local_address=None timeout=10.0 socket_options=None
2026-08-27 17:50:48,974 DEBUG httpcore.connection: connect_tcp.complete return_value=<httpcore._backends.anyio.AnyIOStream object at 0x000001317C925010>
2026-08-27 17:50:48,974 DEBUG httpcore.connection: start_tls.started ssl_context=<ssl.SSLContext object at 0x000001317C690200> server_hostname='api.coingecko.com' timeout=10.0
2026-08-27 17:50:49,040 DEBUG httpcore.connection: start_tls.complete return_value=<httpcore._backends.anyio.AnyIOStream object at 0x000001317C954690>
2026-08-27 17:50:49,041 DEBUG httpcore.http11: send_request_headers.started request=<Request [b'GET']>
2026-08-27 17:50:49,041 DEBUG httpcore.http11: send_request_headers.complete
2026-08-27 17:50:49,041 DEBUG httpcore.http11: send_request_body.started request=<Request [b'GET']>
2026-08-27 17:50:49,041 DEBUG httpcore.http11: send_request_body.complete
2026-08-27 17:50:49,042 DEBUG httpcore.http11: receive_response_headers.started request=<Request [b'GET']>
2026-08-27 17:50:49,322 DEBUG httpcore.http11: receive_response_headers.complete return_value=(b'HTTP/1.1', 200, b'OK', [(b'Date', b'Thu, 27 Aug 2026 14:50:50 GMT'), (b'Content-Type', b'application/json; charset=utf-8'), (b'Transfer-Encoding', b'chunked'), (b'Connection', b'keep-alive'), (b'Server', b'cloudflare'), (b'x-frame-options', b'SAMEORIGIN'), (b'x-xss-protection', b'0'), (b'x-content-type-options', b'nosniff'), (b'x-permitted-cross-domain-policies', b'none'), (b'referrer-policy', b'strict-origin-when-cross-origin'), (b'x-data-source', b'2.0'), (b'Cache-Control', b'max-age=30, public, must-revalidate, s-maxage=60'), (b'access-control-allow-origin', b'*'), (b'access-control-allow-methods', b'POST, PUT, DELETE, GET, OPTIONS'), (b'access-control-request-method', b'*'), (b'access-control-allow-headers', b'Origin, X-Requested-With, Content-Type, Accept, Authorization'), (b'access-control-expose-headers', b'link, per-page, total'), (b'vary', b'Accept-Encoding, Origin'), (b'Content-Encoding', b'gzip'), (b'etag', b'W/"1829d12923d5d80302e5bda6c2386bf3"'), (b'x-request-id', b'618e1116-59c3-47dd-981b-4a5ff7434494'), (b'x-runtime', b'0.009711'), (b'content-security-policy-report-only', b'script-src https://accounts.google.com/gsi/client; frame-src https://accounts.google.com/gsi/; connect-src https://accounts.google.com/gsi/;'), (b'strict-transport-security', b'max-age=600'), (b'strict-transport-security', b'max-age=15724800; includeSubdomains'), (b'cf-cache-status', b'HIT'), (b'CF-RAY', b'a31be40d9af3009b-NBO'), (b'alt-svc', b'h3=":443"; ma=86400')])
2026-08-27 17:50:49,323 INFO httpx: HTTP Request: GET https://api.coingecko.com/api/v3/simple/price?ids=bitcoin&vs_currencies=usd "HTTP/1.1 200 OK"
2026-08-27 17:50:49,329 DEBUG httpcore.http11: receive_response_body.started request=<Request [b'GET']>
2026-08-27 17:50:49,330 DEBUG httpcore.http11: receive_response_body.complete
2026-08-27 17:50:49,331 DEBUG httpcore.http11: response_closed.started
2026-08-27 17:50:49,331 DEBUG httpcore.http11: response_closed.complete
2026-08-27 17:50:49,333 INFO sqlalchemy.engine.Engine: COMMIT
2026-08-27 17:50:49,333 DEBUG aiosqlite: executing functools.partial(<built-in method commit of sqlite3.Connection object at 0x000001317C6EE200>)
2026-08-27 17:50:49,334 DEBUG aiosqlite: operation functools.partial(<built-in method commit of sqlite3.Connection object at 0x000001317C6EE200>) completed
2026-08-27 17:50:49,334 DEBUG aiosqlite: executing functools.partial(<built-in method rollback of sqlite3.Connection object at 0x000001317C6EE200>)
2026-08-27 17:50:49,334 DEBUG aiosqlite: operation functools.partial(<built-in method rollback of sqlite3.Connection object at 0x000001317C6EE200>) completed
2026-08-27 17:50:49,624 INFO sqlalchemy.engine.Engine: BEGIN (implicit)
2026-08-27 17:50:49,624 INFO sqlalchemy.engine.Engine: SELECT ussd_sessions.id, ussd_sessions.session_id, ussd_sessions.user_id, ussd_sessions.phone_number, ussd_sessions.current_screen, ussd_sessions.accumulated_input, ussd_sessions.menu_depth, ussd_sessions.is_active, ussd_sessions.last_request_at, ussd_sessions.created_at, ussd_sessions.ended_at 
FROM ussd_sessions 
WHERE ussd_sessions.session_id = ?
2026-08-27 17:50:49,624 INFO sqlalchemy.engine.Engine: [cached since 104.3s ago] ('e2e1',)
2026-08-27 17:50:49,625 DEBUG aiosqlite: executing functools.partial(<built-in method cursor of sqlite3.Connection object at 0x000001317C6EE200>)
2026-08-27 17:50:49,625 DEBUG aiosqlite: operation functools.partial(<built-in method cursor of sqlite3.Connection object at 0x000001317C6EE200>) completed
2026-08-27 17:50:49,625 DEBUG aiosqlite: executing functools.partial(<built-in method execute of sqlite3.Cursor object at 0x000001317C9A43C0>, 'SELECT ussd_sessions.id, ussd_sessions.session_id, ussd_sessions.user_id, ussd_sessions.phone_number, ussd_sessions.current_screen, ussd_sessions.accumulated_input, ussd_sessions.menu_depth, ussd_sessions.is_active, ussd_sessions.last_request_at, ussd_sessions.created_at, ussd_sessions.ended_at \nFROM ussd_sessions \nWHERE ussd_sessions.session_id = ?', ('e2e1',))
2026-08-27 17:50:49,626 DEBUG aiosqlite: operation functools.partial(<built-in method execute of sqlite3.Cursor object at 0x000001317C9A43C0>, 'SELECT ussd_sessions.id, ussd_sessions.session_id, ussd_sessions.user_id, ussd_sessions.phone_number, ussd_sessions.current_screen, ussd_sessions.accumulated_input, ussd_sessions.menu_depth, ussd_sessions.is_active, ussd_sessions.last_request_at, ussd_sessions.created_at, ussd_sessions.ended_at \nFROM ussd_sessions \nWHERE ussd_sessions.session_id = ?', ('e2e1',)) completed
2026-08-27 17:50:49,626 DEBUG aiosqlite: executing functools.partial(<built-in method fetchall of sqlite3.Cursor object at 0x000001317C9A43C0>)
2026-08-27 17:50:49,626 DEBUG aiosqlite: operation functools.partial(<built-in method fetchall of sqlite3.Cursor object at 0x000001317C9A43C0>) completed
2026-08-27 17:50:49,627 DEBUG aiosqlite: executing functools.partial(<built-in method close of sqlite3.Cursor object at 0x000001317C9A43C0>)
2026-08-27 17:50:49,627 DEBUG aiosqlite: operation functools.partial(<built-in method close of sqlite3.Cursor object at 0x000001317C9A43C0>) completed
2026-08-27 17:50:49,629 INFO sqlalchemy.engine.Engine: INSERT INTO ussd_sessions (id, session_id, user_id, phone_number, current_screen, accumulated_input, menu_depth, is_active, ended_at) VALUES (?, ?, ?, ?, ?, ?, ?, ?, ?) RETURNING last_request_at, created_at
2026-08-27 17:50:49,629 INFO sqlalchemy.engine.Engine: [cached since 104.3s ago] ('655e21102f884332823f63052a1579da', 'e2e1', None, '+250788999999', 'main_menu', None, 0, 1, None)
2026-08-27 17:50:49,629 DEBUG aiosqlite: executing functools.partial(<built-in method cursor of sqlite3.Connection object at 0x000001317C6EE200>)
2026-08-27 17:50:49,630 DEBUG aiosqlite: operation functools.partial(<built-in method cursor of sqlite3.Connection object at 0x000001317C6EE200>) completed
2026-08-27 17:50:49,630 DEBUG aiosqlite: executing functools.partial(<built-in method execute of sqlite3.Cursor object at 0x000001317C9A43C0>, 'INSERT INTO ussd_sessions (id, session_id, user_id, phone_number, current_screen, accumulated_input, menu_depth, is_active, ended_at) VALUES (?, ?, ?, ?, ?, ?, ?, ?, ?) RETURNING last_request_at, created_at', ('655e21102f884332823f63052a1579da', 'e2e1', None, '+250788999999', 'main_menu', None, 0, 1, None))
2026-08-27 17:50:49,632 DEBUG aiosqlite: operation functools.partial(<built-in method execute of sqlite3.Cursor object at 0x000001317C9A43C0>, 'INSERT INTO ussd_sessions (id, session_id, user_id, phone_number, current_screen, accumulated_input, menu_depth, is_active, ended_at) VALUES (?, ?, ?, ?, ?, ?, ?, ?, ?) RETURNING last_request_at, created_at', ('655e21102f884332823f63052a1579da', 'e2e1', None, '+250788999999', 'main_menu', None, 0, 1, None)) completed
2026-08-27 17:50:49,633 DEBUG aiosqlite: executing functools.partial(<built-in method fetchall of sqlite3.Cursor object at 0x000001317C9A43C0>)
2026-08-27 17:50:49,633 DEBUG aiosqlite: operation functools.partial(<built-in method fetchall of sqlite3.Cursor object at 0x000001317C9A43C0>) completed
2026-08-27 17:50:49,634 DEBUG aiosqlite: executing functools.partial(<built-in method close of sqlite3.Cursor object at 0x000001317C9A43C0>)
2026-08-27 17:50:49,634 DEBUG aiosqlite: operation functools.partial(<built-in method close of sqlite3.Cursor object at 0x000001317C9A43C0>) completed
2026-08-27 17:50:49,635 ERROR app.ussd.handler: USSD handler error: <USSDScreen.FUND_ACCOUNT_MENU: 'fund_account_menu'>
2026-08-27 17:50:49,636 INFO sqlalchemy.engine.Engine: ROLLBACK
2026-08-27 17:50:49,636 DEBUG aiosqlite: executing functools.partial(<built-in method rollback of sqlite3.Connection object at 0x000001317C6EE200>)
2026-08-27 17:50:49,637 DEBUG aiosqlite: operation functools.partial(<built-in method rollback of sqlite3.Connection object at 0x000001317C6EE200>) completed
2026-08-27 17:50:49,638 DEBUG aiosqlite: executing functools.partial(<built-in method rollback of sqlite3.Connection object at 0x000001317C6EE200>)
2026-08-27 17:50:49,638 DEBUG aiosqlite: operation functools.partial(<built-in method rollback of sqlite3.Connection object at 0x000001317C6EE200>) completed
ERROR:    Exception in ASGI application
Traceback (most recent call last):
  File "C:\Users\Administrator\sats-card-frontend\backend\app\ussd\handler.py", line 97, in handle
    "- Send BTC to anyone with a phone\n"
                   ^^^^^^^^^^^^^^^^^^^^^^
  File "C:\Users\Administrator\sats-card-frontend\backend\app\ussd\handler.py", line 135, in _handle_main_menu
    return self._handle_send_btc_confirm(session, user_input)
      ^^^^^^^^^^^^^^^^^^^^^^^^^^^^^^^^^^^
KeyError: <USSDScreen.FUND_ACCOUNT_MENU: 'fund_account_menu'>

During handling of the above exception, another exception occurred:

Traceback (most recent call last):
  File "C:\Users\Administrator\AppData\Local\Python\pythoncore-3.14-64\Lib\site-packages\uvicorn\protocols\http\h11_impl.py", line 416, in run_asgi
    result = await app(  # type: ignore[func-returns-value]
             ^^^^^^^^^^^^^^^^^^^^^^^^^^^^^^^^^^^^^^^^^^^^^^
        self.scope, self.receive, self.send
        ^^^^^^^^^^^^^^^^^^^^^^^^^^^^^^^^^^^
    )
    ^
  File "C:\Users\Administrator\AppData\Local\Python\pythoncore-3.14-64\Lib\site-packages\uvicorn\middleware\proxy_headers.py", line 63, in __call__
    return await self.app(scope, receive, send)
           ^^^^^^^^^^^^^^^^^^^^^^^^^^^^^^^^^^^^
  File "C:\Users\Administrator\AppData\Local\Python\pythoncore-3.14-64\Lib\site-packages\fastapi\applications.py", line 1163, in __call__
    await super().__call__(scope, receive, send)
  File "C:\Users\Administrator\AppData\Local\Python\pythoncore-3.14-64\Lib\site-packages\starlette\applications.py", line 96, in __call__
    await self.middleware_stack(scope, receive, send)
  File "C:\Users\Administrator\AppData\Local\Python\pythoncore-3.14-64\Lib\site-packages\starlette\middleware\errors.py", line 186, in __call__
    raise exc
  File "C:\Users\Administrator\AppData\Local\Python\pythoncore-3.14-64\Lib\site-packages\starlette\middleware\errors.py", line 164, in __call__
    await self.app(scope, receive, _send)
  File "C:\Users\Administrator\AppData\Local\Python\pythoncore-3.14-64\Lib\site-packages\starlette\middleware\cors.py", line 88, in __call__
    await self.app(scope, receive, send)
  File "C:\Users\Administrator\AppData\Local\Python\pythoncore-3.14-64\Lib\site-packages\starlette\middleware\exceptions.py", line 63, in __call__
    await wrap_app_handling_exceptions(self.app, conn)(scope, receive, send)
  File "C:\Users\Administrator\AppData\Local\Python\pythoncore-3.14-64\Lib\site-packages\starlette\_exception_handler.py", line 53, in wrapped_app
    raise exc
  File "C:\Users\Administrator\AppData\Local\Python\pythoncore-3.14-64\Lib\site-packages\starlette\_exception_handler.py", line 42, in wrapped_app
    await app(scope, receive, sender)
  File "C:\Users\Administrator\AppData\Local\Python\pythoncore-3.14-64\Lib\site-packages\fastapi\middleware\asyncexitstack.py", line 18, in __call__
    await self.app(scope, receive, send)
  File "C:\Users\Administrator\AppData\Local\Python\pythoncore-3.14-64\Lib\site-packages\starlette\routing.py", line 670, in __call__
    await self.middleware_stack(scope, receive, send)
  File "C:\Users\Administrator\AppData\Local\Python\pythoncore-3.14-64\Lib\site-packages\fastapi\routing.py", line 2734, in app
    await route.handle(scope, receive, send)
  File "C:\Users\Administrator\AppData\Local\Python\pythoncore-3.14-64\Lib\site-packages\fastapi\routing.py", line 1780, in handle
    await self.original_router.handle(scope, receive, send)
  File "C:\Users\Administrator\AppData\Local\Python\pythoncore-3.14-64\Lib\site-packages\fastapi\routing.py", line 2789, in handle
    await included_router._handle_selected(scope, receive, send)
  File "C:\Users\Administrator\AppData\Local\Python\pythoncore-3.14-64\Lib\site-packages\fastapi\routing.py", line 1800, in _handle_selected
    await original_route.handle(scope, receive, send)
  File "C:\Users\Administrator\AppData\Local\Python\pythoncore-3.14-64\Lib\site-packages\fastapi\routing.py", line 1279, in handle
    await app(scope, receive, send)
  File "C:\Users\Administrator\AppData\Local\Python\pythoncore-3.14-64\Lib\site-packages\fastapi\routing.py", line 158, in app
    await wrap_app_handling_exceptions(app, request)(scope, receive, send)
  File "C:\Users\Administrator\AppData\Local\Python\pythoncore-3.14-64\Lib\site-packages\starlette\_exception_handler.py", line 53, in wrapped_app
    raise exc
  File "C:\Users\Administrator\AppData\Local\Python\pythoncore-3.14-64\Lib\site-packages\starlette\_exception_handler.py", line 42, in wrapped_app
    await app(scope, receive, sender)
  File "C:\Users\Administrator\AppData\Local\Python\pythoncore-3.14-64\Lib\site-packages\fastapi\routing.py", line 144, in app
    response = await f(request)
               ^^^^^^^^^^^^^^^^
  File "C:\Users\Administrator\AppData\Local\Python\pythoncore-3.14-64\Lib\site-packages\fastapi\routing.py", line 706, in app
    raw_response = await run_endpoint_function(
                   ^^^^^^^^^^^^^^^^^^^^^^^^^^^^
    ...<3 lines>...
    )
    ^
  File "C:\Users\Administrator\AppData\Local\Python\pythoncore-3.14-64\Lib\site-packages\fastapi\routing.py", line 352, in run_endpoint_function
    return await dependant.call(**values)
           ^^^^^^^^^^^^^^^^^^^^^^^^^^^^^^
  File "C:\Users\Administrator\sats-card-frontend\backend\app\api\routes.py", line 112, in handle_ussd
    response = _ussd_handler.handle(
        session_id=req.session_id,
        phone_number=req.phone_number,
        user_input=req.user_input,
    )
  File "C:\Users\Administrator\sats-card-frontend\backend\app\ussd\handler.py", line 128, in handle
    elif screen == USSDScreen.CHECK_BALANCE:
                         ^^^^^^^^^^^^^^^^^^^
KeyError: <USSDScreen.ERROR: 'error'>
2026-08-27 17:50:50,014 INFO sqlalchemy.engine.Engine: BEGIN (implicit)
2026-08-27 17:50:50,015 INFO sqlalchemy.engine.Engine: SELECT ussd_sessions.id, ussd_sessions.session_id, ussd_sessions.user_id, ussd_sessions.phone_number, ussd_sessions.current_screen, ussd_sessions.accumulated_input, ussd_sessions.menu_depth, ussd_sessions.is_active, ussd_sessions.last_request_at, ussd_sessions.created_at, ussd_sessions.ended_at 
FROM ussd_sessions 
WHERE ussd_sessions.session_id = ?
2026-08-27 17:50:50,015 INFO sqlalchemy.engine.Engine: [cached since 104.7s ago] ('e2e1',)
2026-08-27 17:50:50,015 DEBUG aiosqlite: executing functools.partial(<built-in method cursor of sqlite3.Connection object at 0x000001317C6EE200>)
2026-08-27 17:50:50,016 DEBUG aiosqlite: operation functools.partial(<built-in method cursor of sqlite3.Connection object at 0x000001317C6EE200>) completed
2026-08-27 17:50:50,016 DEBUG aiosqlite: executing functools.partial(<built-in method execute of sqlite3.Cursor object at 0x000001317C9A5AC0>, 'SELECT ussd_sessions.id, ussd_sessions.session_id, ussd_sessions.user_id, ussd_sessions.phone_number, ussd_sessions.current_screen, ussd_sessions.accumulated_input, ussd_sessions.menu_depth, ussd_sessions.is_active, ussd_sessions.last_request_at, ussd_sessions.created_at, ussd_sessions.ended_at \nFROM ussd_sessions \nWHERE ussd_sessions.session_id = ?', ('e2e1',))
2026-08-27 17:50:50,016 DEBUG aiosqlite: operation functools.partial(<built-in method execute of sqlite3.Cursor object at 0x000001317C9A5AC0>, 'SELECT ussd_sessions.id, ussd_sessions.session_id, ussd_sessions.user_id, ussd_sessions.phone_number, ussd_sessions.current_screen, ussd_sessions.accumulated_input, ussd_sessions.menu_depth, ussd_sessions.is_active, ussd_sessions.last_request_at, ussd_sessions.created_at, ussd_sessions.ended_at \nFROM ussd_sessions \nWHERE ussd_sessions.session_id = ?', ('e2e1',)) completed
2026-08-27 17:50:50,016 DEBUG aiosqlite: executing functools.partial(<built-in method fetchall of sqlite3.Cursor object at 0x000001317C9A5AC0>)
2026-08-27 17:50:50,017 DEBUG aiosqlite: operation functools.partial(<built-in method fetchall of sqlite3.Cursor object at 0x000001317C9A5AC0>) completed
2026-08-27 17:50:50,017 DEBUG aiosqlite: executing functools.partial(<built-in method close of sqlite3.Cursor object at 0x000001317C9A5AC0>)
2026-08-27 17:50:50,017 DEBUG aiosqlite: operation functools.partial(<built-in method close of sqlite3.Cursor object at 0x000001317C9A5AC0>) completed
2026-08-27 17:50:50,018 INFO sqlalchemy.engine.Engine: INSERT INTO ussd_sessions (id, session_id, user_id, phone_number, current_screen, accumulated_input, menu_depth, is_active, ended_at) VALUES (?, ?, ?, ?, ?, ?, ?, ?, ?) RETURNING last_request_at, created_at
2026-08-27 17:50:50,018 INFO sqlalchemy.engine.Engine: [cached since 104.7s ago] ('62b7d62657964237b0759d80da37b054', 'e2e1', None, '+250788999999', 'main_menu', None, 0, 1, None)
2026-08-27 17:50:50,018 DEBUG aiosqlite: executing functools.partial(<built-in method cursor of sqlite3.Connection object at 0x000001317C6EE200>)
2026-08-27 17:50:50,019 DEBUG aiosqlite: operation functools.partial(<built-in method cursor of sqlite3.Connection object at 0x000001317C6EE200>) completed
2026-08-27 17:50:50,019 DEBUG aiosqlite: executing functools.partial(<built-in method execute of sqlite3.Cursor object at 0x000001317C9A5AC0>, 'INSERT INTO ussd_sessions (id, session_id, user_id, phone_number, current_screen, accumulated_input, menu_depth, is_active, ended_at) VALUES (?, ?, ?, ?, ?, ?, ?, ?, ?) RETURNING last_request_at, created_at', ('62b7d62657964237b0759d80da37b054', 'e2e1', None, '+250788999999', 'main_menu', None, 0, 1, None))
2026-08-27 17:50:50,022 DEBUG aiosqlite: operation functools.partial(<built-in method execute of sqlite3.Cursor object at 0x000001317C9A5AC0>, 'INSERT INTO ussd_sessions (id, session_id, user_id, phone_number, current_screen, accumulated_input, menu_depth, is_active, ended_at) VALUES (?, ?, ?, ?, ?, ?, ?, ?, ?) RETURNING last_request_at, created_at', ('62b7d62657964237b0759d80da37b054', 'e2e1', None, '+250788999999', 'main_menu', None, 0, 1, None)) completed
2026-08-27 17:50:50,022 DEBUG aiosqlite: executing functools.partial(<built-in method fetchall of sqlite3.Cursor object at 0x000001317C9A5AC0>)
2026-08-27 17:50:50,022 DEBUG aiosqlite: operation functools.partial(<built-in method fetchall of sqlite3.Cursor object at 0x000001317C9A5AC0>) completed
2026-08-27 17:50:50,022 DEBUG aiosqlite: executing functools.partial(<built-in method close of sqlite3.Cursor object at 0x000001317C9A5AC0>)
2026-08-27 17:50:50,023 DEBUG aiosqlite: operation functools.partial(<built-in method close of sqlite3.Cursor object at 0x000001317C9A5AC0>) completed
2026-08-27 17:50:50,023 ERROR app.ussd.handler: USSD handler error: <USSDScreen.FUND_ACCOUNT_MENU: 'fund_account_menu'>
2026-08-27 17:50:50,024 INFO sqlalchemy.engine.Engine: ROLLBACK
2026-08-27 17:50:50,024 DEBUG aiosqlite: executing functools.partial(<built-in method rollback of sqlite3.Connection object at 0x000001317C6EE200>)
2026-08-27 17:50:50,025 DEBUG aiosqlite: operation functools.partial(<built-in method rollback of sqlite3.Connection object at 0x000001317C6EE200>) completed
2026-08-27 17:50:50,025 DEBUG aiosqlite: executing functools.partial(<built-in method rollback of sqlite3.Connection object at 0x000001317C6EE200>)
2026-08-27 17:50:50,026 DEBUG aiosqlite: operation functools.partial(<built-in method rollback of sqlite3.Connection object at 0x000001317C6EE200>) completed
ERROR:    Exception in ASGI application
Traceback (most recent call last):
  File "C:\Users\Administrator\sats-card-frontend\backend\app\ussd\handler.py", line 97, in handle
    "- Send BTC to anyone with a phone\n"
                   ^^^^^^^^^^^^^^^^^^^^^^
  File "C:\Users\Administrator\sats-card-frontend\backend\app\ussd\handler.py", line 135, in _handle_main_menu
    return self._handle_send_btc_confirm(session, user_input)
      ^^^^^^^^^^^^^^^^^^^^^^^^^^^^^^^^^^^
KeyError: <USSDScreen.FUND_ACCOUNT_MENU: 'fund_account_menu'>

During handling of the above exception, another exception occurred:

Traceback (most recent call last):
  File "C:\Users\Administrator\AppData\Local\Python\pythoncore-3.14-64\Lib\site-packages\uvicorn\protocols\http\h11_impl.py", line 416, in run_asgi
    result = await app(  # type: ignore[func-returns-value]
             ^^^^^^^^^^^^^^^^^^^^^^^^^^^^^^^^^^^^^^^^^^^^^^
        self.scope, self.receive, self.send
        ^^^^^^^^^^^^^^^^^^^^^^^^^^^^^^^^^^^
    )
    ^
  File "C:\Users\Administrator\AppData\Local\Python\pythoncore-3.14-64\Lib\site-packages\uvicorn\middleware\proxy_headers.py", line 63, in __call__
    return await self.app(scope, receive, send)
           ^^^^^^^^^^^^^^^^^^^^^^^^^^^^^^^^^^^^
  File "C:\Users\Administrator\AppData\Local\Python\pythoncore-3.14-64\Lib\site-packages\fastapi\applications.py", line 1163, in __call__
    await super().__call__(scope, receive, send)
  File "C:\Users\Administrator\AppData\Local\Python\pythoncore-3.14-64\Lib\site-packages\starlette\applications.py", line 96, in __call__
    await self.middleware_stack(scope, receive, send)
  File "C:\Users\Administrator\AppData\Local\Python\pythoncore-3.14-64\Lib\site-packages\starlette\middleware\errors.py", line 186, in __call__
    raise exc
  File "C:\Users\Administrator\AppData\Local\Python\pythoncore-3.14-64\Lib\site-packages\starlette\middleware\errors.py", line 164, in __call__
    await self.app(scope, receive, _send)
  File "C:\Users\Administrator\AppData\Local\Python\pythoncore-3.14-64\Lib\site-packages\starlette\middleware\cors.py", line 88, in __call__
    await self.app(scope, receive, send)
  File "C:\Users\Administrator\AppData\Local\Python\pythoncore-3.14-64\Lib\site-packages\starlette\middleware\exceptions.py", line 63, in __call__
    await wrap_app_handling_exceptions(self.app, conn)(scope, receive, send)
  File "C:\Users\Administrator\AppData\Local\Python\pythoncore-3.14-64\Lib\site-packages\starlette\_exception_handler.py", line 53, in wrapped_app
    raise exc
  File "C:\Users\Administrator\AppData\Local\Python\pythoncore-3.14-64\Lib\site-packages\starlette\_exception_handler.py", line 42, in wrapped_app
    await app(scope, receive, sender)
  File "C:\Users\Administrator\AppData\Local\Python\pythoncore-3.14-64\Lib\site-packages\fastapi\middleware\asyncexitstack.py", line 18, in __call__
    await self.app(scope, receive, send)
  File "C:\Users\Administrator\AppData\Local\Python\pythoncore-3.14-64\Lib\site-packages\starlette\routing.py", line 670, in __call__
    await self.middleware_stack(scope, receive, send)
  File "C:\Users\Administrator\AppData\Local\Python\pythoncore-3.14-64\Lib\site-packages\fastapi\routing.py", line 2734, in app
    await route.handle(scope, receive, send)
  File "C:\Users\Administrator\AppData\Local\Python\pythoncore-3.14-64\Lib\site-packages\fastapi\routing.py", line 1780, in handle
    await self.original_router.handle(scope, receive, send)
  File "C:\Users\Administrator\AppData\Local\Python\pythoncore-3.14-64\Lib\site-packages\fastapi\routing.py", line 2789, in handle
    await included_router._handle_selected(scope, receive, send)
  File "C:\Users\Administrator\AppData\Local\Python\pythoncore-3.14-64\Lib\site-packages\fastapi\routing.py", line 1800, in _handle_selected
    await original_route.handle(scope, receive, send)
  File "C:\Users\Administrator\AppData\Local\Python\pythoncore-3.14-64\Lib\site-packages\fastapi\routing.py", line 1279, in handle
    await app(scope, receive, send)
  File "C:\Users\Administrator\AppData\Local\Python\pythoncore-3.14-64\Lib\site-packages\fastapi\routing.py", line 158, in app
    await wrap_app_handling_exceptions(app, request)(scope, receive, send)
  File "C:\Users\Administrator\AppData\Local\Python\pythoncore-3.14-64\Lib\site-packages\starlette\_exception_handler.py", line 53, in wrapped_app
    raise exc
  File "C:\Users\Administrator\AppData\Local\Python\pythoncore-3.14-64\Lib\site-packages\starlette\_exception_handler.py", line 42, in wrapped_app
    await app(scope, receive, sender)
  File "C:\Users\Administrator\AppData\Local\Python\pythoncore-3.14-64\Lib\site-packages\fastapi\routing.py", line 144, in app
    response = await f(request)
               ^^^^^^^^^^^^^^^^
  File "C:\Users\Administrator\AppData\Local\Python\pythoncore-3.14-64\Lib\site-packages\fastapi\routing.py", line 706, in app
    raw_response = await run_endpoint_function(
                   ^^^^^^^^^^^^^^^^^^^^^^^^^^^^
    ...<3 lines>...
    )
    ^
  File "C:\Users\Administrator\AppData\Local\Python\pythoncore-3.14-64\Lib\site-packages\fastapi\routing.py", line 352, in run_endpoint_function
    return await dependant.call(**values)
           ^^^^^^^^^^^^^^^^^^^^^^^^^^^^^^
  File "C:\Users\Administrator\sats-card-frontend\backend\app\api\routes.py", line 112, in handle_ussd
    response = _ussd_handler.handle(
        session_id=req.session_id,
        phone_number=req.phone_number,
        user_input=req.user_input,
    )
  File "C:\Users\Administrator\sats-card-frontend\backend\app\ussd\handler.py", line 128, in handle
    elif screen == USSDScreen.CHECK_BALANCE:
                         ^^^^^^^^^^^^^^^^^^^
KeyError: <USSDScreen.ERROR: 'error'>
2026-08-27 17:50:50,414 DEBUG httpcore.http11: send_request_headers.started request=<Request [b'GET']>
2026-08-27 17:50:50,414 DEBUG httpcore.http11: send_request_headers.complete
2026-08-27 17:50:50,415 DEBUG httpcore.http11: send_request_body.started request=<Request [b'GET']>
2026-08-27 17:50:50,415 DEBUG httpcore.http11: send_request_body.complete
2026-08-27 17:50:50,415 DEBUG httpcore.http11: receive_response_headers.started request=<Request [b'GET']>
2026-08-27 17:50:50,754 DEBUG httpcore.http11: receive_response_headers.complete return_value=(b'HTTP/1.1', 200, b'OK', [(b'Date', b'Thu, 27 Aug 2026 14:50:51 GMT'), (b'Content-Type', b'application/json; charset=utf-8'), (b'Transfer-Encoding', b'chunked'), (b'Connection', b'keep-alive'), (b'x-frame-options', b'SAMEORIGIN'), (b'x-xss-protection', b'0'), (b'x-content-type-options', b'nosniff'), (b'x-permitted-cross-domain-policies', b'none'), (b'referrer-policy', b'strict-origin-when-cross-origin'), (b'x-data-source', b'2.0'), (b'Cache-Control', b'max-age=30, public, must-revalidate, s-maxage=60'), (b'access-control-allow-origin', b'*'), (b'access-control-allow-methods', b'POST, PUT, DELETE, GET, OPTIONS'), (b'access-control-request-method', b'*'), (b'access-control-allow-headers', b'Origin, X-Requested-With, Content-Type, Accept, Authorization'), (b'access-control-expose-headers', b'link, per-page, total'), (b'vary', b'Accept-Encoding, Origin'), (b'Content-Encoding', b'gzip'), (b'etag', b'W/"acce0d7fe7bca3b6ba96bd8796c67872"'), (b'x-request-id', b'731b0e38-345c-43da-98a9-624e89a59c06'), (b'x-runtime', b'0.005100'), (b'cf-cache-status', b'EXPIRED'), (b'Server', b'cloudflare'), (b'CF-RAY', b'a31be4161eb4009b-NBO'), (b'alt-svc', b'h3=":443"; ma=86400')])
2026-08-27 17:50:50,754 INFO httpx: HTTP Request: GET https://api.coingecko.com/api/v3/simple/price?ids=bitcoin&vs_currencies=ugx "HTTP/1.1 200 OK"
2026-08-27 17:50:50,754 DEBUG httpcore.http11: receive_response_body.started request=<Request [b'GET']>
2026-08-27 17:50:50,755 DEBUG httpcore.http11: receive_response_body.complete
2026-08-27 17:50:50,756 DEBUG httpcore.http11: response_closed.started
2026-08-27 17:50:50,756 DEBUG httpcore.http11: response_closed.complete
2026-08-27 17:50:51,065 DEBUG httpcore.http11: send_request_headers.started request=<Request [b'GET']>
2026-08-27 17:50:51,066 DEBUG httpcore.http11: send_request_headers.complete
2026-08-27 17:50:51,066 DEBUG httpcore.http11: send_request_body.started request=<Request [b'GET']>
2026-08-27 17:50:51,066 DEBUG httpcore.http11: send_request_body.complete
2026-08-27 17:50:51,067 DEBUG httpcore.http11: receive_response_headers.started request=<Request [b'GET']>
2026-08-27 17:50:51,095 DEBUG httpcore.http11: receive_response_headers.complete return_value=(b'HTTP/1.1', 200, b'OK', [(b'Date', b'Thu, 27 Aug 2026 14:50:51 GMT'), (b'Content-Type', b'application/json; charset=utf-8'), (b'Transfer-Encoding', b'chunked'), (b'Connection', b'keep-alive'), (b'Server', b'cloudflare'), (b'x-frame-options', b'SAMEORIGIN'), (b'x-xss-protection', b'0'), (b'x-content-type-options', b'nosniff'), (b'x-permitted-cross-domain-policies', b'none'), (b'referrer-policy', b'strict-origin-when-cross-origin'), (b'x-data-source', b'2.0'), (b'Cache-Control', b'max-age=30, public, must-revalidate, s-maxage=60'), (b'access-control-allow-origin', b'*'), (b'access-control-allow-methods', b'POST, PUT, DELETE, GET, OPTIONS'), (b'access-control-request-method', b'*'), (b'access-control-allow-headers', b'Origin, X-Requested-With, Content-Type, Accept, Authorization'), (b'access-control-expose-headers', b'link, per-page, total'), (b'vary', b'Accept-Encoding, Origin'), (b'Content-Encoding', b'gzip'), (b'etag', b'W/"1829d12923d5d80302e5bda6c2386bf3"'), (b'x-request-id', b'618e1116-59c3-47dd-981b-4a5ff7434494'), (b'x-runtime', b'0.009711'), (b'content-security-policy-report-only', b'script-src https://accounts.google.com/gsi/client; frame-src https://accounts.google.com/gsi/; connect-src https://accounts.google.com/gsi/;'), (b'strict-transport-security', b'max-age=600'), (b'strict-transport-security', b'max-age=15724800; includeSubdomains'), (b'Age', b'2'), (b'cf-cache-status', b'HIT'), (b'CF-RAY', b'a31be41a3c32009b-NBO'), (b'alt-svc', b'h3=":443"; ma=86400')])
2026-08-27 17:50:51,096 INFO httpx: HTTP Request: GET https://api.coingecko.com/api/v3/simple/price?ids=bitcoin&vs_currencies=usd "HTTP/1.1 200 OK"
2026-08-27 17:50:51,096 DEBUG httpcore.http11: receive_response_body.started request=<Request [b'GET']>
2026-08-27 17:50:51,097 DEBUG httpcore.http11: receive_response_body.complete
2026-08-27 17:50:51,098 DEBUG httpcore.http11: response_closed.started
2026-08-27 17:50:51,098 DEBUG httpcore.http11: response_closed.complete
